C51 COMPILER V9.60.7.0   CLIB                                                              10/17/2024 00:37:16 PAGE 1   


C51 COMPILER V9.60.7.0, COMPILATION OF MODULE CLIB
OBJECT MODULE PLACED IN .\Objects\clib.obj
COMPILER INVOKED BY: D:\Keil\C51\BIN\C51.EXE ..\BSP\clib.c OMF2 OPTIMIZE(8,SPEED) BROWSE INCDIR(..\Libary\Device\CMS8S69
                    -90\Include;..\Libary\StdDriver\inc;..\code;..\u8g2;..\GUI) DEBUG PRINT(.\Listings\clib.lst) TABS(2) OBJECT(.\Objects\cli
                    -b.obj)

line level    source

   1          #include "clib.h"
   2          
   3          #define DIS_INTRUPT     {}//NVIC_INT_Enable()
   4          #define EN_INTRUPT      {}//NVIC_INT_Disable()
   5          
   6          void PushEvent(Uchar event)
   7          { 
   8   1        Uchar temp;
   9   1      
  10   1        if(gstPushPop.WriteEventCount >= EVENT_BUFFER_LENGTH)
  11   1        {
  12   2          gstPushPop.WriteEventCount = 0;
  13   2        }
  14   1        for(temp = 0; temp <= gstPushPop.WriteEventCount; temp++)
  15   1        {
  16   2          if(event == gEventBuffer[temp] && event != ev20MS && event != ev50MS && event != ev100MS && event != ev1
             -S && event != ev5MS)
  17   2          {
  18   3            return;
  19   3          }
  20   2        }
  21   1        gEventBuffer[gstPushPop.WriteEventCount] = event;
  22   1        gstPushPop.WriteEventCount++; 
  23   1      }
  24          
  25          Uchar PopEvent(void)
  26          {
  27   1          Uchar event;
  28   1          DIS_INTRUPT;
  29   1          if(gstPushPop.ReadEventCount >= EVENT_BUFFER_LENGTH)
  30   1          {
  31   2              gstPushPop.ReadEventCount = 0;
  32   2              event = gEventBuffer[gstPushPop.ReadEventCount];
  33   2          }
  34   1          else
  35   1          { 
  36   2            if(gstPushPop.ReadEventCount >= gstPushPop.WriteEventCount)
  37   2            { 
  38   3              gstPushPop.ReadEventCount = 0;
  39   3              gstPushPop.WriteEventCount = 0;
  40   3      
  41   3              event = 0xff;
  42   3            }
  43   2            else
  44   2            {
  45   3              event = gEventBuffer[gstPushPop.ReadEventCount];
  46   3              gEventBuffer[gstPushPop.ReadEventCount] = 0xff;
  47   3              gstPushPop.ReadEventCount++;
  48   3            }
  49   2          }
  50   1        EN_INTRUPT;
  51   1          
  52   1        return (event);
C51 COMPILER V9.60.7.0   CLIB                                                              10/17/2024 00:37:16 PAGE 2   

  53   1      }
  54          /*********************************************************************************************************
             -***************************************
  55           * 描述：向串口注册字节接收回调函数       
  56           * 参数：UARTPort      -- 串口
  57                   evt           --信号量
  58           *       pRxByteCBFunc -- 要注册的回调函数。    
  59           * 返回：无
  60           * 注意：无
  61          **********************************************************************************************************
             -***************************************/
  62          
  63          void EventCollect(void) 
  64          {
  65   1      
  66   1        if(KeyRestFlag)
  67   1        {
  68   2          KeyRestFlag = 0;
  69   2          PushEvent(evSysRest);
  70   2        }
  71   1        
  72   1        else if(Ev5MSFlag)
  73   1        {
  74   2          Ev5MSFlag = 0;
  75   2          PushEvent(ev5MS);
  76   2        }
  77   1        else if(Ev20MSFlag)
  78   1        {
  79   2          Ev20MSFlag = 0;
  80   2          PushEvent(ev20MS);
  81   2        }
  82   1        else if(Ev50MSFlag)
  83   1        {
  84   2          Ev50MSFlag = 0;
  85   2          PushEvent(ev50MS);
  86   2        }
  87   1        else if(Ev100MSFlag)//Ev5MSFlag
  88   1        {
  89   2          Ev100MSFlag = 0;
  90   2          PushEvent(ev100MS);
  91   2        }
  92   1        
  93   1        else if(Ev1SFlag)//Ev5MSFlag
  94   1        {
  95   2          Ev1SFlag = 0;
  96   2          PushEvent(ev1S);
  97   2        }
  98   1        
  99   1      //  else if(ADCollectFlag)//
 100   1      //  {
 101   1      //    ADCollectFlag = 0;
 102   1      //    PushEvent(evAD);
 103   1      //  }
 104   1        
 105   1      }
*** WARNING C316 IN LINE 105 OF ..\BSP\clib.c: unterminated conditionals


MODULE INFORMATION:   STATIC OVERLAYABLE
   CODE SIZE        =    254    ----
   CONSTANT SIZE    =   ----    ----
   XDATA SIZE       =   ----    ----
C51 COMPILER V9.60.7.0   CLIB                                                              10/17/2024 00:37:16 PAGE 3   

   PDATA SIZE       =   ----    ----
   DATA SIZE        =   ----    ----
   IDATA SIZE       =   ----    ----
   BIT SIZE         =   ----    ----
   EDATA SIZE       =   ----    ----
   HDATA SIZE       =   ----    ----
   XDATA CONST SIZE =   ----    ----
   FAR CONST SIZE   =   ----    ----
END OF MODULE INFORMATION.


C51 COMPILATION COMPLETE.  1 WARNING(S),  0 ERROR(S)
