C51 COMPILER V9.60.7.0   GLOBE                                                             10/17/2024 00:36:55 PAGE 1   


C51 COMPILER V9.60.7.0, COMPILATION OF MODULE GLOBE
OBJECT MODULE PLACED IN .\Objects\globe.obj
COMPILER INVOKED BY: D:\Keil\C51\BIN\C51.EXE ..\BSP\globe.c OMF2 OPTIMIZE(8,SPEED) BROWSE INCDIR(..\Libary\Device\CMS8S6
                    -990\Include;..\Libary\StdDriver\inc;..\code;..\u8g2;..\GUI) DEBUG PRINT(.\Listings\globe.lst) TABS(2) OBJECT(.\Objects\g
                    -lobe.obj)

line level    source

   1          
   2          #include "includeall.h"
   3          
   4          #include "globe.h"
   5          
   6          //////////////////////////////////////
   7          
   8          
   9          xdata ST_PushPop gstPushPop;
  10          xdata volatile byte gbFlagData[3];
  11          xdata volatile sysTick_t gstRDsysTick;
  12          xdata Uchar gEventBuffer[EVENT_BUFFER_LENGTH];
  13          xdata u16 gSysRunTime;
  14          xdata u8  gSetSysRunTime =8;
  15          xdata ST_Step gStep ;
  16          xdata STFactory gstFactory;
  17           
  18          #define  HEAT_CONFIG
*** WARNING C317 IN LINE 18 OF ..\BSP\globe.c: attempt to redefine macro 'HEAT_CONFIG'
  19          xdata u8 gHeatTime ;
  20          #endif
  21          #if  NTC_CONFIG
              xdata volatile u8 sTemp_v,sTemp_v_1;
              #endif
  24          
  25          xdata STKeyType sKey_yyy ;
*** WARNING C316 IN LINE 25 OF ..\BSP\globe.c: unterminated conditionals


MODULE INFORMATION:   STATIC OVERLAYABLE
   CODE SIZE        =   ----    ----
   CONSTANT SIZE    =   ----    ----
   XDATA SIZE       =     27    ----
   PDATA SIZE       =   ----    ----
   DATA SIZE        =   ----    ----
   IDATA SIZE       =   ----    ----
   BIT SIZE         =   ----    ----
   EDATA SIZE       =   ----    ----
   HDATA SIZE       =   ----    ----
   XDATA CONST SIZE =   ----    ----
   FAR CONST SIZE   =   ----    ----
END OF MODULE INFORMATION.


C51 COMPILATION COMPLETE.  2 WARNING(S),  0 ERROR(S)
