C51 COMPILER V9.60.7.0   U8G2_BOX                                                          10/16/2024 15:44:12 PAGE 1   


C51 COMPILER V9.60.7.0, COMPILATION OF MODULE U8G2_BOX
OBJECT MODULE PLACED IN .\Objects\u8g2_box.obj
COMPILER INVOKED BY: D:\Keil\C51\BIN\C51.EXE ..\u8g2\u8g2_box.c OMF2 OPTIMIZE(8,SPEED) BROWSE INCDIR(..\Libary\Device\CM
                    -S8S6990\Include;..\Libary\StdDriver\inc;..\code;..\u8g2;..\GUI) DEBUG PRINT(.\Listings\u8g2_box.lst) TABS(2) OBJECT(.\Ob
                    -jects\u8g2_box.obj)

line level    source

   1          /*
   2          
   3            u8g2_box.c
   4          
   5            Universal 8bit Graphics Library (https://github.com/olikraus/u8g2/)
   6          
   7            Copyright (c) 2016, olikraus@gmail.com
   8            All rights reserved.
   9          
  10            Redistribution and use in source and binary forms, with or without modification, 
  11            are permitted provided that the following conditions are met:
  12          
  13            * Redistributions of source code must retain the above copyright notice, this list 
  14              of conditions and the following disclaimer.
  15              
  16            * Redistributions in binary form must reproduce the above copyright notice, this 
  17              list of conditions and the following disclaimer in the documentation and/or other 
  18              materials provided with the distribution.
  19          
  20            THIS SOFTWARE IS PROVIDED BY THE COPYRIGHT HOLDERS AND 
  21            CONTRIBUTORS "AS IS" AND ANY EXPRESS OR IMPLIED WARRANTIES, 
  22            INCLUDING, BUT NOT LIMITED TO, THE IMPLIED WARRANTIES OF 
  23            MERCHANTABILITY AND FITNESS FOR A PARTICULAR PURPOSE ARE 
  24            DISCLAIMED. IN NO EVENT SHALL THE COPYRIGHT HOLDER OR 
  25            CONTRIBUTORS BE LIABLE FOR ANY DIRECT, INDIRECT, INCIDENTAL, 
  26            SPECIAL, EXEMPLARY, OR CONSEQUENTIAL DAMAGES (INCLUDING, BUT 
  27            NOT LIMITED TO, PROCUREMENT OF SUBSTITUTE GOODS OR SERVICES; 
  28            LOSS OF USE, DATA, OR PROFITS; OR BUSINESS INTERRUPTION) HOWEVER 
  29            CAUSED AND ON ANY THEORY OF LIABILITY, WHETHER IN CONTRACT, 
  30            STRICT LIABILITY, OR TORT (INCLUDING NEGLIGENCE OR OTHERWISE) 
  31            ARISING IN ANY WAY OUT OF THE USE OF THIS SOFTWARE, EVEN IF 
  32            ADVISED OF THE POSSIBILITY OF SUCH DAMAGE.  
  33          
  34          */
  35          
  36          #include "u8g2.h"
  37          
  38          /*
  39            draw a filled box
  40            restriction: does not work for w = 0 or h = 0
  41          */
  42          void u8g2_DrawBox(u8g2_t *u8g2, u8g2_uint_t x, u8g2_uint_t y, u8g2_uint_t w, u8g2_uint_t h)
  43          {
  44   1      #ifdef U8G2_WITH_INTERSECTION
  45   1        if ( u8g2_IsIntersection(u8g2, x, y, x+w, y+h) == 0 ) 
  46   1          return;
  47   1      #endif /* U8G2_WITH_INTERSECTION */
  48   1        while( h != 0 )
  49   1        { 
  50   2          u8g2_DrawHVLine(u8g2, x, y, w, 0);
  51   2          y++;    
  52   2          h--;
  53   2        }
C51 COMPILER V9.60.7.0   U8G2_BOX                                                          10/16/2024 15:44:12 PAGE 2   

  54   1      }
  55          
  56          
  57          /*
  58            draw a frame (empty box)
  59            restriction: does not work for w = 0 or h = 0
  60          */
  61          void u8g2_DrawFrame(u8g2_t *u8g2, u8g2_uint_t x, u8g2_uint_t y, u8g2_uint_t w, u8g2_uint_t h)
  62          {
  63   1        u8g2_uint_t xtmp = x;
  64   1        
  65   1      #ifdef U8G2_WITH_INTERSECTION
  66   1        if ( u8g2_IsIntersection(u8g2, x, y, x+w, y+h) == 0 ) 
  67   1          return;
  68   1      #endif /* U8G2_WITH_INTERSECTION */
  69   1        
  70   1        u8g2_DrawHVLine(u8g2, x, y, w, 0);
  71   1        if (h >= 2) {
  72   2          h-=2;
  73   2          y++;
  74   2          if (h > 0) {
  75   3            u8g2_DrawHVLine(u8g2, x, y, h, 1);
  76   3            x+=w;
  77   3            x--;
  78   3            u8g2_DrawHVLine(u8g2, x, y, h, 1);
  79   3            y+=h;
  80   3          }
  81   2          u8g2_DrawHVLine(u8g2, xtmp, y, w, 0);
  82   2        }
  83   1      }
  84          
  85          
  86          
  87          
  88          void u8g2_DrawRBox(u8g2_t *u8g2, u8g2_uint_t x, u8g2_uint_t y, u8g2_uint_t w, u8g2_uint_t h, u8g2_uint_t r
             -)
  89          {
  90   1        u8g2_uint_t xl, yu;
  91   1        u8g2_uint_t yl, xr;
  92   1      
  93   1      #ifdef U8G2_WITH_INTERSECTION
  94   1        if ( u8g2_IsIntersection(u8g2, x, y, x+w, y+h) == 0 ) 
  95   1          return;
  96   1      #endif /* U8G2_WITH_INTERSECTION */
  97   1      
  98   1        xl = x;
  99   1        xl += r;
 100   1        yu = y;
 101   1        yu += r;
 102   1       
 103   1        xr = x;
 104   1        xr += w;
 105   1        xr -= r;
 106   1        xr -= 1;
 107   1        
 108   1        yl = y;
 109   1        yl += h;
 110   1        yl -= r; 
 111   1        yl -= 1;
 112   1      
 113   1        u8g2_DrawDisc(u8g2, xl, yu, r, U8G2_DRAW_UPPER_LEFT);
 114   1        u8g2_DrawDisc(u8g2, xr, yu, r, U8G2_DRAW_UPPER_RIGHT);
C51 COMPILER V9.60.7.0   U8G2_BOX                                                          10/16/2024 15:44:12 PAGE 3   

 115   1        u8g2_DrawDisc(u8g2, xl, yl, r, U8G2_DRAW_LOWER_LEFT);
 116   1        u8g2_DrawDisc(u8g2, xr, yl, r, U8G2_DRAW_LOWER_RIGHT);
 117   1      
 118   1        {
 119   2          u8g2_uint_t ww, hh;
 120   2      
 121   2          ww = w;
 122   2          ww -= r;
 123   2          ww -= r;
 124   2          xl++;
 125   2          yu++;
 126   2          
 127   2          if ( ww >= 3 )
 128   2          {
 129   3            ww -= 2;
 130   3            u8g2_DrawBox(u8g2, xl, y, ww, r+1);
 131   3            u8g2_DrawBox(u8g2, xl, yl, ww, r+1);
 132   3          }
 133   2          
 134   2          hh = h;
 135   2          hh -= r;
 136   2          hh -= r;
 137   2          //h--;
 138   2          if ( hh >= 3 )
 139   2          {
 140   3            hh -= 2;
 141   3            u8g2_DrawBox(u8g2, x, yu, w, hh);
 142   3          }
 143   2        }
 144   1      }
 145          
 146          
 147          void u8g2_DrawRFrame(u8g2_t *u8g2, u8g2_uint_t x, u8g2_uint_t y, u8g2_uint_t w, u8g2_uint_t h, u8g2_uint_t
             - r)
 148          {
 149   1        u8g2_uint_t xl, yu;
 150   1      
 151   1      #ifdef U8G2_WITH_INTERSECTION
 152   1        if ( u8g2_IsIntersection(u8g2, x, y, x+w, y+h) == 0 ) 
 153   1          return;
 154   1      #endif /* U8G2_WITH_INTERSECTION */
 155   1      
 156   1        xl = x;
 157   1        xl += r;
 158   1        yu = y;
 159   1        yu += r;
 160   1       
 161   1        {
 162   2          u8g2_uint_t yl, xr;
 163   2            
 164   2          xr = x;
 165   2          xr += w;
 166   2          xr -= r;
 167   2          xr -= 1;
 168   2          
 169   2          yl = y;
 170   2          yl += h;
 171   2          yl -= r; 
 172   2          yl -= 1;
 173   2      
 174   2          u8g2_DrawCircle(u8g2, xl, yu, r, U8G2_DRAW_UPPER_LEFT);
 175   2          u8g2_DrawCircle(u8g2, xr, yu, r, U8G2_DRAW_UPPER_RIGHT);
C51 COMPILER V9.60.7.0   U8G2_BOX                                                          10/16/2024 15:44:12 PAGE 4   

 176   2          u8g2_DrawCircle(u8g2, xl, yl, r, U8G2_DRAW_LOWER_LEFT);
 177   2          u8g2_DrawCircle(u8g2, xr, yl, r, U8G2_DRAW_LOWER_RIGHT);
 178   2        }
 179   1      
 180   1        {
 181   2          u8g2_uint_t ww, hh;
 182   2      
 183   2          ww = w;
 184   2          ww -= r;
 185   2          ww -= r;
 186   2          hh = h;
 187   2          hh -= r;
 188   2          hh -= r;
 189   2          
 190   2          xl++;
 191   2          yu++;
 192   2          
 193   2          if ( ww >= 3 )
 194   2          {
 195   3            ww -= 2;
 196   3            h--;
 197   3            u8g2_DrawHLine(u8g2, xl, y, ww);
 198   3            u8g2_DrawHLine(u8g2, xl, y+h, ww);
 199   3          }
 200   2          
 201   2          if ( hh >= 3 )
 202   2          {
 203   3            hh -= 2;
 204   3            w--;
 205   3            u8g2_DrawVLine(u8g2, x, yu, hh);
 206   3            u8g2_DrawVLine(u8g2, x+w, yu, hh);
 207   3          }
 208   2        }
 209   1      }
 210          


MODULE INFORMATION:   STATIC OVERLAYABLE
   CODE SIZE        =    773    ----
   CONSTANT SIZE    =   ----    ----
   XDATA SIZE       =   ----    ----
   PDATA SIZE       =   ----    ----
   DATA SIZE        =   ----      41
   IDATA SIZE       =   ----    ----
   BIT SIZE         =   ----    ----
   EDATA SIZE       =   ----    ----
   HDATA SIZE       =   ----    ----
   XDATA CONST SIZE =   ----    ----
   FAR CONST SIZE   =   ----    ----
END OF MODULE INFORMATION.


C51 COMPILATION COMPLETE.  0 WARNING(S),  0 ERROR(S)
