C51 COMPILER V9.60.0.0   U8G2_KERNING                                                      10/18/2024 17:39:06 PAGE 1   


C51 COMPILER V9.60.0.0, COMPILATION OF MODULE U8G2_KERNING
OBJECT MODULE PLACED IN .\Objects\u8g2_kerning.obj
COMPILER INVOKED BY: D:\Keil_v5\C51\BIN\C51.EXE ..\u8g2\u8g2_kerning.c OMF2 OPTIMIZE(8,SPEED) BROWSE INCDIR(..\Libary\De
                    -vice\CMS8S6990\Include;..\Libary\StdDriver\inc;..\code;..\u8g2;..\GUI) DEBUG PRINT(.\Listings\u8g2_kerning.lst) TABS(2) 
                    -OBJECT(.\Objects\u8g2_kerning.obj)

line level    source

   1          /*
   2          
   3            u8g2_kerning.c
   4          
   5            Universal 8bit Graphics Library (https://github.com/olikraus/u8g2/)
   6          
   7            Copyright (c) 2016, olikraus@gmail.com
   8            All rights reserved.
   9          
  10            Redistribution and use in source and binary forms, with or without modification, 
  11            are permitted provided that the following conditions are met:
  12          
  13            * Redistributions of source code must retain the above copyright notice, this list 
  14              of conditions and the following disclaimer.
  15              
  16            * Redistributions in binary form must reproduce the above copyright notice, this 
  17              list of conditions and the following disclaimer in the documentation and/or other 
  18              materials provided with the distribution.
  19          
  20            THIS SOFTWARE IS PROVIDED BY THE COPYRIGHT HOLDERS AND 
  21            CONTRIBUTORS "AS IS" AND ANY EXPRESS OR IMPLIED WARRANTIES, 
  22            INCLUDING, BUT NOT LIMITED TO, THE IMPLIED WARRANTIES OF 
  23            MERCHANTABILITY AND FITNESS FOR A PARTICULAR PURPOSE ARE 
  24            DISCLAIMED. IN NO EVENT SHALL THE COPYRIGHT HOLDER OR 
  25            CONTRIBUTORS BE LIABLE FOR ANY DIRECT, INDIRECT, INCIDENTAL, 
  26            SPECIAL, EXEMPLARY, OR CONSEQUENTIAL DAMAGES (INCLUDING, BUT 
  27            NOT LIMITED TO, PROCUREMENT OF SUBSTITUTE GOODS OR SERVICES; 
  28            LOSS OF USE, DATA, OR PROFITS; OR BUSINESS INTERRUPTION) HOWEVER 
  29            CAUSED AND ON ANY THEORY OF LIABILITY, WHETHER IN CONTRACT, 
  30            STRICT LIABILITY, OR TORT (INCLUDING NEGLIGENCE OR OTHERWISE) 
  31            ARISING IN ANY WAY OUT OF THE USE OF THIS SOFTWARE, EVEN IF 
  32            ADVISED OF THE POSSIBILITY OF SUCH DAMAGE.  
  33          
  34          */
  35          
  36          #include "u8g2.h"
  37          
  38          /* this function is used as "u8g2_get_kerning_cb" */
  39          /*
  40          uint8_t u8g2_GetNullKerning(u8g2_t *u8g2, uint16_t e1, uint16_t e2)
  41          {
  42            return 0;
  43          }
  44          */
  45          
  46          /* this function is used as "u8g2_get_kerning_cb" */
  47          uint8_t u8g2_GetKerning(U8X8_UNUSED u8g2_t *u8g2, u8g2_kerning_t *kerning, uint16_t e1, uint16_t e2)
  48          {
  49   1        uint16_t i1, i2, cnt, end;
  50   1        if ( kerning == NULL )
  51   1          return 0;
  52   1        
  53   1        /* search for the encoding in the first table */
C51 COMPILER V9.60.0.0   U8G2_KERNING                                                      10/18/2024 17:39:06 PAGE 2   

  54   1        cnt = kerning->first_table_cnt;
  55   1        cnt--;  /* ignore the last element of the table, which is 0x0ffff */
  56   1        for( i1 = 0; i1 < cnt; i1++ )
  57   1        {
  58   2          if ( kerning->first_encoding_table[i1] == e1 )
  59   2            break;
  60   2        }
  61   1        if ( i1 >= cnt )
  62   1          return 0; /* e1 not part of the kerning table, return 0 */
  63   1      
  64   1        /* get the upper index for i2 */
  65   1        end = kerning->index_to_second_table[i1+1];
  66   1        for( i2 = kerning->index_to_second_table[i1]; i2 < end; i2++ )
  67   1        {
  68   2          if ( kerning->second_encoding_table[i2] == e2 )
  69   2            break;
  70   2        }
  71   1        
  72   1        if ( i2 >= end )
  73   1          return 0; /* e2 not part of any pair with e1, return 0 */
  74   1        
  75   1        return kerning->kerning_values[i2];
  76   1      }
*** WARNING C280 IN LINE 47 OF ..\u8g2\u8g2_kerning.c: 'u8g2': unreferenced local variable
  77          
  78          uint8_t u8g2_GetKerningByTable(U8X8_UNUSED u8g2_t *u8g2, const uint16_t *kt, uint16_t e1, uint16_t e2)
  79          {
  80   1        uint16_t i;
  81   1        i = 0;
  82   1        if ( kt == NULL )
  83   1          return 0;
  84   1        for(;;)
  85   1        {
  86   2          if ( kt[i] == 0x0ffff )
  87   2            break;
  88   2          if ( kt[i] == e1 && kt[i+1] == e2 )
  89   2            return kt[i+2];
  90   2          i+=3;
  91   2        }
  92   1        return 0;
  93   1      }
*** WARNING C280 IN LINE 78 OF ..\u8g2\u8g2_kerning.c: 'u8g2': unreferenced local variable
  94          


MODULE INFORMATION:   STATIC OVERLAYABLE
   CODE SIZE        =    363    ----
   CONSTANT SIZE    =   ----    ----
   XDATA SIZE       =   ----    ----
   PDATA SIZE       =   ----    ----
   DATA SIZE        =   ----      24
   IDATA SIZE       =   ----    ----
   BIT SIZE         =   ----    ----
   EDATA SIZE       =   ----    ----
   HDATA SIZE       =   ----    ----
   XDATA CONST SIZE =   ----    ----
   FAR CONST SIZE   =   ----    ----
END OF MODULE INFORMATION.


C51 COMPILATION COMPLETE.  2 WARNING(S),  0 ERROR(S)
